// Jest Snapshot v1, https://goo.gl/fbAQLP

exports[`should not change 1`] = `
<header>
  teadelish
</header>
`;
